---
layout: page
parent: Section 3
title: Chapter
nav_order: 0
---
<h1 class="fw-700 text-purple-300">Chapter</h1>
## Slide 1.2
<div class="fw-300 fs-3"></div>
```java
int i = 7;
i++;
```


