---
layout: page
parent: Section 3
title: Chapter
nav_order: 0
---
<h1 class="fw-700 text-purple-300">Chapter</h1>
## Slide 6.1

<p>Die Formel ist \\( f(x) = x^2 \\) aber hier haben wir einen x<sup>2</sup> exponenten CO<sub>2</sub>
</p>



