# Chapter

## Slide

\quotedns{Test \strong{\enquote{Quoted}} or \strong{unqoted}
}

Test \strong{\enquote{Quoted}} or \strong{unqoted}\vspace{0.1mm}

\quotedns{Test \strong{\enquote{Quoted}} or \strong{unqoted}
}

Test \strong{\enquote{Quoted}} or \strong{unqoted}\vspace{0.1mm}
