# Chapter

## Slide

A \term{Term}\index{Term}\vspace{0.1mm}
