# Chapter

## Slide

A \enquote{\term{Term}\index{Term}}\vspace{0.1mm}
