# Chapter
## Slide

\begin{ul1}
\item Link: \href{https://www.example.com}{LINK\_WITHUNDERSCORE}
\end{ul1}

