# Chapter
## Slide

Die zentrale Frage ist \enquote{Wie können Menschen \strong{Erkenntnisse} über die Welt gewinnen?}\vspace{0.1mm}