# Chapter
## Slide

Ersetzung von \dots{} durch entsprechende (\dots{}).\vspace{0.1mm}

\begin{ul1}
  \item Ersetzung von \dots{} durch entsprechende (\dots{}).
  \begin{ul2}
    \item und hier \dots{} durch(\dots{}), \dots{}
    \item Neugierde, Faulheit, \dots{}
  \end{ul2}
\end{ul1}
