# Chapter
## Slide Footnote

\begin{ul1}
\item entweder eine Quelle angeben\newline\strongenglish{Anna Klinger\footnote{Anna Klinger (2014). \enquote{Warum ist der Himmel blau?}. Spektrum der Wissenschaft.} erl√§utert, dass der Himmel blau ist.}
\end{ul1}