# Chapter

## Slide

A \lstinline[literate={-}{{\textminus}}1{-\}{{\textminus}\}2,language=Java,style=inline]|#codeterm|\margincodeterm{\#codeterm}\vspace{0.1mm}
